05-Aug-2026 17:57:36.831 INFO [main] org.apache.catalina.startup.VersionLoggerListener.log Server version name:   Apache Tomcat/9.0.120
05-Aug-2026 17:57:36.838 INFO [main] org.apache.catalina.startup.VersionLoggerListener.log Server built:          Jul 3 2026 07:49:53 UTC
05-Aug-2026 17:57:36.838 INFO [main] org.apache.catalina.startup.VersionLoggerListener.log Server version number: 9.0.120.0
05-Aug-2026 17:57:36.838 INFO [main] org.apache.catalina.startup.VersionLoggerListener.log OS Name:               Windows 10
05-Aug-2026 17:57:36.838 INFO [main] org.apache.catalina.startup.VersionLoggerListener.log OS Version:            10.0
05-Aug-2026 17:57:36.838 INFO [main] org.apache.catalina.startup.VersionLoggerListener.log Architecture:          amd64
05-Aug-2026 17:57:36.838 INFO [main] org.apache.catalina.startup.VersionLoggerListener.log Java Home:             C:\Program Files\Java\jdk-17
05-Aug-2026 17:57:36.838 INFO [main] org.apache.catalina.startup.VersionLoggerListener.log JVM Version:           17+35-LTS-2724
05-Aug-2026 17:57:36.838 INFO [main] org.apache.catalina.startup.VersionLoggerListener.log JVM Vendor:            Oracle Corporation
05-Aug-2026 17:57:36.838 INFO [main] org.apache.catalina.startup.VersionLoggerListener.log CATALINA_BASE:         C:\Users\Hp\Downloads\apache-tomcat-9.0.120-windows-x64\apache-tomcat-9.0.120
05-Aug-2026 17:57:36.838 INFO [main] org.apache.catalina.startup.VersionLoggerListener.log CATALINA_HOME:         C:\Users\Hp\Downloads\apache-tomcat-9.0.120-windows-x64\apache-tomcat-9.0.120
05-Aug-2026 17:57:36.853 INFO [main] org.apache.catalina.startup.VersionLoggerListener.log Command line argument: --add-opens=java.base/java.lang=ALL-UNNAMED
05-Aug-2026 17:57:36.853 INFO [main] org.apache.catalina.startup.VersionLoggerListener.log Command line argument: --add-opens=java.base/java.lang.invoke=ALL-UNNAMED
05-Aug-2026 17:57:36.853 INFO [main] org.apache.catalina.startup.VersionLoggerListener.log Command line argument: --add-opens=java.base/java.lang.reflect=ALL-UNNAMED
05-Aug-2026 17:57:36.853 INFO [main] org.apache.catalina.startup.VersionLoggerListener.log Command line argument: --add-opens=java.base/java.io=ALL-UNNAMED
05-Aug-2026 17:57:36.853 INFO [main] org.apache.catalina.startup.VersionLoggerListener.log Command line argument: --add-opens=java.base/java.util=ALL-UNNAMED
05-Aug-2026 17:57:36.853 INFO [main] org.apache.catalina.startup.VersionLoggerListener.log Command line argument: --add-opens=java.base/java.util.concurrent=ALL-UNNAMED
05-Aug-2026 17:57:36.853 INFO [main] org.apache.catalina.startup.VersionLoggerListener.log Command line argument: --add-opens=java.rmi/sun.rmi.transport=ALL-UNNAMED
05-Aug-2026 17:57:36.853 INFO [main] org.apache.catalina.startup.VersionLoggerListener.log Command line argument: -Djava.util.logging.config.file=C:\Users\Hp\Downloads\apache-tomcat-9.0.120-windows-x64\apache-tomcat-9.0.120\conf\logging.properties
05-Aug-2026 17:57:36.853 INFO [main] org.apache.catalina.startup.VersionLoggerListener.log Command line argument: -Djava.util.logging.manager=org.apache.juli.ClassLoaderLogManager
05-Aug-2026 17:57:36.853 INFO [main] org.apache.catalina.startup.VersionLoggerListener.log Command line argument: -Djdk.tls.ephemeralDHKeySize=2048
05-Aug-2026 17:57:36.853 INFO [main] org.apache.catalina.startup.VersionLoggerListener.log Command line argument: -Djava.protocol.handler.pkgs=org.apache.catalina.webresources
05-Aug-2026 17:57:36.853 INFO [main] org.apache.catalina.startup.VersionLoggerListener.log Command line argument: -Dsun.io.useCanonCaches=false
05-Aug-2026 17:57:36.853 INFO [main] org.apache.catalina.startup.VersionLoggerListener.log Command line argument: -Dignore.endorsed.dirs=
05-Aug-2026 17:57:36.853 INFO [main] org.apache.catalina.startup.VersionLoggerListener.log Command line argument: -Dcatalina.base=C:\Users\Hp\Downloads\apache-tomcat-9.0.120-windows-x64\apache-tomcat-9.0.120
05-Aug-2026 17:57:36.853 INFO [main] org.apache.catalina.startup.VersionLoggerListener.log Command line argument: -Dcatalina.home=C:\Users\Hp\Downloads\apache-tomcat-9.0.120-windows-x64\apache-tomcat-9.0.120
05-Aug-2026 17:57:36.853 INFO [main] org.apache.catalina.startup.VersionLoggerListener.log Command line argument: -Djava.io.tmpdir=C:\Users\Hp\Downloads\apache-tomcat-9.0.120-windows-x64\apache-tomcat-9.0.120\temp
05-Aug-2026 17:57:36.869 INFO [main] org.apache.catalina.core.AprLifecycleListener.lifecycleEvent Loaded Apache Tomcat Native library [1.3.8] using APR version [1.7.6].
05-Aug-2026 17:57:36.869 INFO [main] org.apache.catalina.core.AprLifecycleListener.lifecycleEvent APR capabilities: IPv6 [true], sendfile [true], accept filters [false], random [true], UDS [true].
05-Aug-2026 17:57:36.869 INFO [main] org.apache.catalina.core.AprLifecycleListener.lifecycleEvent APR/OpenSSL configuration: useAprConnector [false], useOpenSSL [true]
05-Aug-2026 17:57:36.869 INFO [main] org.apache.catalina.core.AprLifecycleListener.initializeSSL OpenSSL successfully initialized [OpenSSL 3.0.21 9 Jun 2026]
05-Aug-2026 17:57:37.185 INFO [main] org.apache.coyote.AbstractProtocol.init Initializing ProtocolHandler ["http-nio-8080"]
05-Aug-2026 17:57:37.228 INFO [main] org.apache.catalina.startup.Catalina.load Server initialization in [623] milliseconds
05-Aug-2026 17:57:37.296 INFO [main] org.apache.catalina.core.StandardService.startInternal Starting service [Catalina]
05-Aug-2026 17:57:37.296 INFO [main] org.apache.catalina.core.StandardEngine.startInternal Starting Servlet engine: [Apache Tomcat/9.0.120]
05-Aug-2026 17:57:37.312 INFO [main] org.apache.catalina.startup.HostConfig.deployDirectory Deploying web application directory [C:\Users\Hp\Downloads\apache-tomcat-9.0.120-windows-x64\apache-tomcat-9.0.120\webapps\docs]
05-Aug-2026 17:57:37.841 INFO [main] org.apache.catalina.startup.HostConfig.deployDirectory Deployment of web application directory [C:\Users\Hp\Downloads\apache-tomcat-9.0.120-windows-x64\apache-tomcat-9.0.120\webapps\docs] has finished in [529] ms
05-Aug-2026 17:57:37.841 INFO [main] org.apache.catalina.startup.HostConfig.deployDirectory Deploying web application directory [C:\Users\Hp\Downloads\apache-tomcat-9.0.120-windows-x64\apache-tomcat-9.0.120\webapps\examples]
05-Aug-2026 17:57:39.082 INFO [main] org.apache.catalina.startup.HostConfig.deployDirectory Deployment of web application directory [C:\Users\Hp\Downloads\apache-tomcat-9.0.120-windows-x64\apache-tomcat-9.0.120\webapps\examples] has finished in [1,241] ms
05-Aug-2026 17:57:39.082 INFO [main] org.apache.catalina.startup.HostConfig.deployDirectory Deploying web application directory [C:\Users\Hp\Downloads\apache-tomcat-9.0.120-windows-x64\apache-tomcat-9.0.120\webapps\host-manager]
05-Aug-2026 17:57:39.177 INFO [main] org.apache.catalina.startup.HostConfig.deployDirectory Deployment of web application directory [C:\Users\Hp\Downloads\apache-tomcat-9.0.120-windows-x64\apache-tomcat-9.0.120\webapps\host-manager] has finished in [95] ms
05-Aug-2026 17:57:39.193 INFO [main] org.apache.catalina.startup.HostConfig.deployDirectory Deploying web application directory [C:\Users\Hp\Downloads\apache-tomcat-9.0.120-windows-x64\apache-tomcat-9.0.120\webapps\manager]
05-Aug-2026 17:57:39.291 INFO [main] org.apache.catalina.startup.HostConfig.deployDirectory Deployment of web application directory [C:\Users\Hp\Downloads\apache-tomcat-9.0.120-windows-x64\apache-tomcat-9.0.120\webapps\manager] has finished in [95] ms
05-Aug-2026 17:57:39.291 INFO [main] org.apache.catalina.startup.HostConfig.deployDirectory Deploying web application directory [C:\Users\Hp\Downloads\apache-tomcat-9.0.120-windows-x64\apache-tomcat-9.0.120\webapps\ROOT]
05-Aug-2026 17:57:39.368 INFO [main] org.apache.catalina.startup.HostConfig.deployDirectory Deployment of web application directory [C:\Users\Hp\Downloads\apache-tomcat-9.0.120-windows-x64\apache-tomcat-9.0.120\webapps\ROOT] has finished in [77] ms
05-Aug-2026 17:57:39.368 INFO [main] org.apache.coyote.AbstractProtocol.start Starting ProtocolHandler ["http-nio-8080"]
05-Aug-2026 17:57:39.511 INFO [main] org.apache.catalina.startup.Catalina.start Server startup in [2295] milliseconds
05-Aug-2026 17:58:56.599 INFO [main] org.apache.catalina.startup.VersionLoggerListener.log Server version name:   Apache Tomcat/9.0.120
05-Aug-2026 17:58:56.611 INFO [main] org.apache.catalina.startup.VersionLoggerListener.log Server built:          Jul 3 2026 07:49:53 UTC
05-Aug-2026 17:58:56.611 INFO [main] org.apache.catalina.startup.VersionLoggerListener.log Server version number: 9.0.120.0
05-Aug-2026 17:58:56.611 INFO [main] org.apache.catalina.startup.VersionLoggerListener.log OS Name:               Windows 10
05-Aug-2026 17:58:56.611 INFO [main] org.apache.catalina.startup.VersionLoggerListener.log OS Version:            10.0
05-Aug-2026 17:58:56.611 INFO [main] org.apache.catalina.startup.VersionLoggerListener.log Architecture:          amd64
05-Aug-2026 17:58:56.611 INFO [main] org.apache.catalina.startup.VersionLoggerListener.log Java Home:             C:\Program Files\Java\jdk-17
05-Aug-2026 17:58:56.611 INFO [main] org.apache.catalina.startup.VersionLoggerListener.log JVM Version:           17+35-LTS-2724
05-Aug-2026 17:58:56.611 INFO [main] org.apache.catalina.startup.VersionLoggerListener.log JVM Vendor:            Oracle Corporation
05-Aug-2026 17:58:56.611 INFO [main] org.apache.catalina.startup.VersionLoggerListener.log CATALINA_BASE:         C:\Users\Hp\Downloads\apache-tomcat-9.0.120-windows-x64\apache-tomcat-9.0.120
05-Aug-2026 17:58:56.611 INFO [main] org.apache.catalina.startup.VersionLoggerListener.log CATALINA_HOME:         C:\Users\Hp\Downloads\apache-tomcat-9.0.120-windows-x64\apache-tomcat-9.0.120
05-Aug-2026 17:58:56.619 INFO [main] org.apache.catalina.startup.VersionLoggerListener.log Command line argument: --add-opens=java.base/java.lang=ALL-UNNAMED
05-Aug-2026 17:58:56.619 INFO [main] org.apache.catalina.startup.VersionLoggerListener.log Command line argument: --add-opens=java.base/java.lang.invoke=ALL-UNNAMED
05-Aug-2026 17:58:56.619 INFO [main] org.apache.catalina.startup.VersionLoggerListener.log Command line argument: --add-opens=java.base/java.lang.reflect=ALL-UNNAMED
05-Aug-2026 17:58:56.619 INFO [main] org.apache.catalina.startup.VersionLoggerListener.log Command line argument: --add-opens=java.base/java.io=ALL-UNNAMED
05-Aug-2026 17:58:56.619 INFO [main] org.apache.catalina.startup.VersionLoggerListener.log Command line argument: --add-opens=java.base/java.util=ALL-UNNAMED
05-Aug-2026 17:58:56.619 INFO [main] org.apache.catalina.startup.VersionLoggerListener.log Command line argument: --add-opens=java.base/java.util.concurrent=ALL-UNNAMED
05-Aug-2026 17:58:56.619 INFO [main] org.apache.catalina.startup.VersionLoggerListener.log Command line argument: --add-opens=java.rmi/sun.rmi.transport=ALL-UNNAMED
05-Aug-2026 17:58:56.619 INFO [main] org.apache.catalina.startup.VersionLoggerListener.log Command line argument: -Djava.util.logging.config.file=C:\Users\Hp\Downloads\apache-tomcat-9.0.120-windows-x64\apache-tomcat-9.0.120\conf\logging.properties
05-Aug-2026 17:58:56.619 INFO [main] org.apache.catalina.startup.VersionLoggerListener.log Command line argument: -Djava.util.logging.manager=org.apache.juli.ClassLoaderLogManager
05-Aug-2026 17:58:56.619 INFO [main] org.apache.catalina.startup.VersionLoggerListener.log Command line argument: -Djdk.tls.ephemeralDHKeySize=2048
05-Aug-2026 17:58:56.619 INFO [main] org.apache.catalina.startup.VersionLoggerListener.log Command line argument: -Djava.protocol.handler.pkgs=org.apache.catalina.webresources
05-Aug-2026 17:58:56.619 INFO [main] org.apache.catalina.startup.VersionLoggerListener.log Command line argument: -Dsun.io.useCanonCaches=false
05-Aug-2026 17:58:56.619 INFO [main] org.apache.catalina.startup.VersionLoggerListener.log Command line argument: -Dignore.endorsed.dirs=
05-Aug-2026 17:58:56.619 INFO [main] org.apache.catalina.startup.VersionLoggerListener.log Command line argument: -Dcatalina.base=C:\Users\Hp\Downloads\apache-tomcat-9.0.120-windows-x64\apache-tomcat-9.0.120
05-Aug-2026 17:58:56.619 INFO [main] org.apache.catalina.startup.VersionLoggerListener.log Command line argument: -Dcatalina.home=C:\Users\Hp\Downloads\apache-tomcat-9.0.120-windows-x64\apache-tomcat-9.0.120
05-Aug-2026 17:58:56.619 INFO [main] org.apache.catalina.startup.VersionLoggerListener.log Command line argument: -Djava.io.tmpdir=C:\Users\Hp\Downloads\apache-tomcat-9.0.120-windows-x64\apache-tomcat-9.0.120\temp
05-Aug-2026 17:58:56.619 INFO [main] org.apache.catalina.core.AprLifecycleListener.lifecycleEvent Loaded Apache Tomcat Native library [1.3.8] using APR version [1.7.6].
05-Aug-2026 17:58:56.619 INFO [main] org.apache.catalina.core.AprLifecycleListener.lifecycleEvent APR capabilities: IPv6 [true], sendfile [true], accept filters [false], random [true], UDS [true].
05-Aug-2026 17:58:56.619 INFO [main] org.apache.catalina.core.AprLifecycleListener.lifecycleEvent APR/OpenSSL configuration: useAprConnector [false], useOpenSSL [true]
05-Aug-2026 17:58:56.619 INFO [main] org.apache.catalina.core.AprLifecycleListener.initializeSSL OpenSSL successfully initialized [OpenSSL 3.0.21 9 Jun 2026]
05-Aug-2026 17:58:56.881 INFO [main] org.apache.coyote.AbstractProtocol.init Initializing ProtocolHandler ["http-nio-8080"]
05-Aug-2026 17:58:56.905 INFO [main] org.apache.catalina.startup.Catalina.load Server initialization in [456] milliseconds
05-Aug-2026 17:58:56.936 INFO [main] org.apache.catalina.core.StandardService.startInternal Starting service [Catalina]
05-Aug-2026 17:58:56.936 INFO [main] org.apache.catalina.core.StandardEngine.startInternal Starting Servlet engine: [Apache Tomcat/9.0.120]
05-Aug-2026 17:58:56.954 INFO [main] org.apache.catalina.startup.HostConfig.deployDirectory Deploying web application directory [C:\Users\Hp\Downloads\apache-tomcat-9.0.120-windows-x64\apache-tomcat-9.0.120\webapps\docs]
05-Aug-2026 17:58:57.252 INFO [main] org.apache.catalina.startup.HostConfig.deployDirectory Deployment of web application directory [C:\Users\Hp\Downloads\apache-tomcat-9.0.120-windows-x64\apache-tomcat-9.0.120\webapps\docs] has finished in [298] ms
05-Aug-2026 17:58:57.268 INFO [main] org.apache.catalina.startup.HostConfig.deployDirectory Deploying web application directory [C:\Users\Hp\Downloads\apache-tomcat-9.0.120-windows-x64\apache-tomcat-9.0.120\webapps\examples]
05-Aug-2026 17:58:57.639 INFO [main] org.apache.catalina.startup.HostConfig.deployDirectory Deployment of web application directory [C:\Users\Hp\Downloads\apache-tomcat-9.0.120-windows-x64\apache-tomcat-9.0.120\webapps\examples] has finished in [372] ms
05-Aug-2026 17:58:57.639 INFO [main] org.apache.catalina.startup.HostConfig.deployDirectory Deploying web application directory [C:\Users\Hp\Downloads\apache-tomcat-9.0.120-windows-x64\apache-tomcat-9.0.120\webapps\host-manager]
05-Aug-2026 17:58:57.678 INFO [main] org.apache.catalina.startup.HostConfig.deployDirectory Deployment of web application directory [C:\Users\Hp\Downloads\apache-tomcat-9.0.120-windows-x64\apache-tomcat-9.0.120\webapps\host-manager] has finished in [39] ms
05-Aug-2026 17:58:57.678 INFO [main] org.apache.catalina.startup.HostConfig.deployDirectory Deploying web application directory [C:\Users\Hp\Downloads\apache-tomcat-9.0.120-windows-x64\apache-tomcat-9.0.120\webapps\manager]
05-Aug-2026 17:58:57.726 INFO [main] org.apache.catalina.startup.HostConfig.deployDirectory Deployment of web application directory [C:\Users\Hp\Downloads\apache-tomcat-9.0.120-windows-x64\apache-tomcat-9.0.120\webapps\manager] has finished in [48] ms
05-Aug-2026 17:58:57.726 INFO [main] org.apache.catalina.startup.HostConfig.deployDirectory Deploying web application directory [C:\Users\Hp\Downloads\apache-tomcat-9.0.120-windows-x64\apache-tomcat-9.0.120\webapps\ROOT]
05-Aug-2026 17:58:57.757 INFO [main] org.apache.catalina.startup.HostConfig.deployDirectory Deployment of web application directory [C:\Users\Hp\Downloads\apache-tomcat-9.0.120-windows-x64\apache-tomcat-9.0.120\webapps\ROOT] has finished in [31] ms
05-Aug-2026 17:58:57.776 INFO [main] org.apache.coyote.AbstractProtocol.start Starting ProtocolHandler ["http-nio-8080"]
05-Aug-2026 17:58:57.838 INFO [main] org.apache.catalina.startup.Catalina.start Server startup in [929] milliseconds
05-Aug-2026 17:59:28.757 INFO [Thread-1] org.apache.coyote.AbstractProtocol.pause Pausing ProtocolHandler ["http-nio-8080"]
05-Aug-2026 17:59:28.799 INFO [Thread-1] org.apache.catalina.core.StandardService.stopInternal Stopping service [Catalina]
05-Aug-2026 17:59:28.825 INFO [Thread-1] org.apache.coyote.AbstractProtocol.stop Stopping ProtocolHandler ["http-nio-8080"]
05-Aug-2026 17:59:28.832 INFO [Thread-1] org.apache.coyote.AbstractProtocol.destroy Destroying ProtocolHandler ["http-nio-8080"]
