06-Aug-2026 09:08:37.355 INFO [main] org.apache.catalina.startup.VersionLoggerListener.log Server version name:   Apache Tomcat/9.0.120
06-Aug-2026 09:08:37.371 INFO [main] org.apache.catalina.startup.VersionLoggerListener.log Server built:          Jul 3 2026 07:49:53 UTC
06-Aug-2026 09:08:37.371 INFO [main] org.apache.catalina.startup.VersionLoggerListener.log Server version number: 9.0.120.0
06-Aug-2026 09:08:37.371 INFO [main] org.apache.catalina.startup.VersionLoggerListener.log OS Name:               Windows 10
06-Aug-2026 09:08:37.371 INFO [main] org.apache.catalina.startup.VersionLoggerListener.log OS Version:            10.0
06-Aug-2026 09:08:37.371 INFO [main] org.apache.catalina.startup.VersionLoggerListener.log Architecture:          amd64
06-Aug-2026 09:08:37.371 INFO [main] org.apache.catalina.startup.VersionLoggerListener.log Java Home:             C:\Program Files\Java\jdk-17
06-Aug-2026 09:08:37.371 INFO [main] org.apache.catalina.startup.VersionLoggerListener.log JVM Version:           17+35-LTS-2724
06-Aug-2026 09:08:37.371 INFO [main] org.apache.catalina.startup.VersionLoggerListener.log JVM Vendor:            Oracle Corporation
06-Aug-2026 09:08:37.371 INFO [main] org.apache.catalina.startup.VersionLoggerListener.log CATALINA_BASE:         C:\Users\Hp\Downloads\apache-tomcat-9.0.120-windows-x64\apache-tomcat-9.0.120
06-Aug-2026 09:08:37.371 INFO [main] org.apache.catalina.startup.VersionLoggerListener.log CATALINA_HOME:         C:\Users\Hp\Downloads\apache-tomcat-9.0.120-windows-x64\apache-tomcat-9.0.120
06-Aug-2026 09:08:37.380 INFO [main] org.apache.catalina.startup.VersionLoggerListener.log Command line argument: --add-opens=java.base/java.lang=ALL-UNNAMED
06-Aug-2026 09:08:37.380 INFO [main] org.apache.catalina.startup.VersionLoggerListener.log Command line argument: --add-opens=java.base/java.lang.invoke=ALL-UNNAMED
06-Aug-2026 09:08:37.380 INFO [main] org.apache.catalina.startup.VersionLoggerListener.log Command line argument: --add-opens=java.base/java.lang.reflect=ALL-UNNAMED
06-Aug-2026 09:08:37.380 INFO [main] org.apache.catalina.startup.VersionLoggerListener.log Command line argument: --add-opens=java.base/java.io=ALL-UNNAMED
06-Aug-2026 09:08:37.380 INFO [main] org.apache.catalina.startup.VersionLoggerListener.log Command line argument: --add-opens=java.base/java.util=ALL-UNNAMED
06-Aug-2026 09:08:37.380 INFO [main] org.apache.catalina.startup.VersionLoggerListener.log Command line argument: --add-opens=java.base/java.util.concurrent=ALL-UNNAMED
06-Aug-2026 09:08:37.380 INFO [main] org.apache.catalina.startup.VersionLoggerListener.log Command line argument: --add-opens=java.rmi/sun.rmi.transport=ALL-UNNAMED
06-Aug-2026 09:08:37.380 INFO [main] org.apache.catalina.startup.VersionLoggerListener.log Command line argument: -Djava.util.logging.config.file=C:\Users\Hp\Downloads\apache-tomcat-9.0.120-windows-x64\apache-tomcat-9.0.120\conf\logging.properties
06-Aug-2026 09:08:37.380 INFO [main] org.apache.catalina.startup.VersionLoggerListener.log Command line argument: -Djava.util.logging.manager=org.apache.juli.ClassLoaderLogManager
06-Aug-2026 09:08:37.380 INFO [main] org.apache.catalina.startup.VersionLoggerListener.log Command line argument: -Djdk.tls.ephemeralDHKeySize=2048
06-Aug-2026 09:08:37.380 INFO [main] org.apache.catalina.startup.VersionLoggerListener.log Command line argument: -Djava.protocol.handler.pkgs=org.apache.catalina.webresources
06-Aug-2026 09:08:37.380 INFO [main] org.apache.catalina.startup.VersionLoggerListener.log Command line argument: -Dsun.io.useCanonCaches=false
06-Aug-2026 09:08:37.380 INFO [main] org.apache.catalina.startup.VersionLoggerListener.log Command line argument: -Dignore.endorsed.dirs=
06-Aug-2026 09:08:37.380 INFO [main] org.apache.catalina.startup.VersionLoggerListener.log Command line argument: -Dcatalina.base=C:\Users\Hp\Downloads\apache-tomcat-9.0.120-windows-x64\apache-tomcat-9.0.120
06-Aug-2026 09:08:37.380 INFO [main] org.apache.catalina.startup.VersionLoggerListener.log Command line argument: -Dcatalina.home=C:\Users\Hp\Downloads\apache-tomcat-9.0.120-windows-x64\apache-tomcat-9.0.120
06-Aug-2026 09:08:37.380 INFO [main] org.apache.catalina.startup.VersionLoggerListener.log Command line argument: -Djava.io.tmpdir=C:\Users\Hp\Downloads\apache-tomcat-9.0.120-windows-x64\apache-tomcat-9.0.120\temp
06-Aug-2026 09:08:37.380 INFO [main] org.apache.catalina.core.AprLifecycleListener.lifecycleEvent Loaded Apache Tomcat Native library [1.3.8] using APR version [1.7.6].
06-Aug-2026 09:08:37.380 INFO [main] org.apache.catalina.core.AprLifecycleListener.lifecycleEvent APR capabilities: IPv6 [true], sendfile [true], accept filters [false], random [true], UDS [true].
06-Aug-2026 09:08:37.380 INFO [main] org.apache.catalina.core.AprLifecycleListener.lifecycleEvent APR/OpenSSL configuration: useAprConnector [false], useOpenSSL [true]
06-Aug-2026 09:08:37.380 INFO [main] org.apache.catalina.core.AprLifecycleListener.initializeSSL OpenSSL successfully initialized [OpenSSL 3.0.21 9 Jun 2026]
06-Aug-2026 09:08:37.633 INFO [main] org.apache.coyote.AbstractProtocol.init Initializing ProtocolHandler ["http-nio-8080"]
06-Aug-2026 09:08:37.665 INFO [main] org.apache.catalina.startup.Catalina.load Server initialization in [452] milliseconds
06-Aug-2026 09:08:37.713 INFO [main] org.apache.catalina.core.StandardService.startInternal Starting service [Catalina]
06-Aug-2026 09:08:37.713 INFO [main] org.apache.catalina.core.StandardEngine.startInternal Starting Servlet engine: [Apache Tomcat/9.0.120]
06-Aug-2026 09:08:37.729 INFO [main] org.apache.catalina.startup.HostConfig.deployDirectory Deploying web application directory [C:\Users\Hp\Downloads\apache-tomcat-9.0.120-windows-x64\apache-tomcat-9.0.120\webapps\docs]
06-Aug-2026 09:08:38.064 INFO [main] org.apache.catalina.startup.HostConfig.deployDirectory Deployment of web application directory [C:\Users\Hp\Downloads\apache-tomcat-9.0.120-windows-x64\apache-tomcat-9.0.120\webapps\docs] has finished in [333] ms
06-Aug-2026 09:08:38.065 INFO [main] org.apache.catalina.startup.HostConfig.deployDirectory Deploying web application directory [C:\Users\Hp\Downloads\apache-tomcat-9.0.120-windows-x64\apache-tomcat-9.0.120\webapps\examples]
06-Aug-2026 09:08:38.525 INFO [main] org.apache.catalina.startup.HostConfig.deployDirectory Deployment of web application directory [C:\Users\Hp\Downloads\apache-tomcat-9.0.120-windows-x64\apache-tomcat-9.0.120\webapps\examples] has finished in [460] ms
06-Aug-2026 09:08:38.525 INFO [main] org.apache.catalina.startup.HostConfig.deployDirectory Deploying web application directory [C:\Users\Hp\Downloads\apache-tomcat-9.0.120-windows-x64\apache-tomcat-9.0.120\webapps\host-manager]
06-Aug-2026 09:08:38.555 INFO [main] org.apache.catalina.startup.HostConfig.deployDirectory Deployment of web application directory [C:\Users\Hp\Downloads\apache-tomcat-9.0.120-windows-x64\apache-tomcat-9.0.120\webapps\host-manager] has finished in [30] ms
06-Aug-2026 09:08:38.555 INFO [main] org.apache.catalina.startup.HostConfig.deployDirectory Deploying web application directory [C:\Users\Hp\Downloads\apache-tomcat-9.0.120-windows-x64\apache-tomcat-9.0.120\webapps\manager]
06-Aug-2026 09:08:38.590 INFO [main] org.apache.catalina.startup.HostConfig.deployDirectory Deployment of web application directory [C:\Users\Hp\Downloads\apache-tomcat-9.0.120-windows-x64\apache-tomcat-9.0.120\webapps\manager] has finished in [35] ms
06-Aug-2026 09:08:38.590 INFO [main] org.apache.catalina.startup.HostConfig.deployDirectory Deploying web application directory [C:\Users\Hp\Downloads\apache-tomcat-9.0.120-windows-x64\apache-tomcat-9.0.120\webapps\ROOT]
06-Aug-2026 09:08:38.617 INFO [main] org.apache.catalina.startup.HostConfig.deployDirectory Deployment of web application directory [C:\Users\Hp\Downloads\apache-tomcat-9.0.120-windows-x64\apache-tomcat-9.0.120\webapps\ROOT] has finished in [27] ms
06-Aug-2026 09:08:38.620 INFO [main] org.apache.coyote.AbstractProtocol.start Starting ProtocolHandler ["http-nio-8080"]
06-Aug-2026 09:08:38.652 INFO [main] org.apache.catalina.startup.Catalina.start Server startup in [978] milliseconds
06-Aug-2026 09:18:47.414 SEVERE [main] org.apache.catalina.startup.Catalina.stopServer Could not contact [localhost:8005] (base port [8005] and offset [0]). Tomcat may not be running.
06-Aug-2026 09:18:59.975 INFO [main] org.apache.catalina.startup.VersionLoggerListener.log Server version name:   Apache Tomcat/9.0.120
06-Aug-2026 09:18:59.987 INFO [main] org.apache.catalina.startup.VersionLoggerListener.log Server built:          Jul 3 2026 07:49:53 UTC
06-Aug-2026 09:18:59.987 INFO [main] org.apache.catalina.startup.VersionLoggerListener.log Server version number: 9.0.120.0
06-Aug-2026 09:18:59.987 INFO [main] org.apache.catalina.startup.VersionLoggerListener.log OS Name:               Windows 10
06-Aug-2026 09:18:59.987 INFO [main] org.apache.catalina.startup.VersionLoggerListener.log OS Version:            10.0
06-Aug-2026 09:18:59.987 INFO [main] org.apache.catalina.startup.VersionLoggerListener.log Architecture:          amd64
06-Aug-2026 09:18:59.987 INFO [main] org.apache.catalina.startup.VersionLoggerListener.log Java Home:             C:\Program Files\Java\jdk-17
06-Aug-2026 09:18:59.987 INFO [main] org.apache.catalina.startup.VersionLoggerListener.log JVM Version:           17+35-LTS-2724
06-Aug-2026 09:18:59.987 INFO [main] org.apache.catalina.startup.VersionLoggerListener.log JVM Vendor:            Oracle Corporation
06-Aug-2026 09:18:59.989 INFO [main] org.apache.catalina.startup.VersionLoggerListener.log CATALINA_BASE:         C:\Users\Hp\Downloads\apache-tomcat-9.0.120-windows-x64\apache-tomcat-9.0.120
06-Aug-2026 09:18:59.989 INFO [main] org.apache.catalina.startup.VersionLoggerListener.log CATALINA_HOME:         C:\Users\Hp\Downloads\apache-tomcat-9.0.120-windows-x64\apache-tomcat-9.0.120
06-Aug-2026 09:18:59.995 INFO [main] org.apache.catalina.startup.VersionLoggerListener.log Command line argument: --add-opens=java.base/java.lang=ALL-UNNAMED
06-Aug-2026 09:18:59.995 INFO [main] org.apache.catalina.startup.VersionLoggerListener.log Command line argument: --add-opens=java.base/java.lang.invoke=ALL-UNNAMED
06-Aug-2026 09:18:59.997 INFO [main] org.apache.catalina.startup.VersionLoggerListener.log Command line argument: --add-opens=java.base/java.lang.reflect=ALL-UNNAMED
06-Aug-2026 09:18:59.997 INFO [main] org.apache.catalina.startup.VersionLoggerListener.log Command line argument: --add-opens=java.base/java.io=ALL-UNNAMED
06-Aug-2026 09:18:59.997 INFO [main] org.apache.catalina.startup.VersionLoggerListener.log Command line argument: --add-opens=java.base/java.util=ALL-UNNAMED
06-Aug-2026 09:18:59.997 INFO [main] org.apache.catalina.startup.VersionLoggerListener.log Command line argument: --add-opens=java.base/java.util.concurrent=ALL-UNNAMED
06-Aug-2026 09:18:59.997 INFO [main] org.apache.catalina.startup.VersionLoggerListener.log Command line argument: --add-opens=java.rmi/sun.rmi.transport=ALL-UNNAMED
06-Aug-2026 09:18:59.997 INFO [main] org.apache.catalina.startup.VersionLoggerListener.log Command line argument: -Djava.util.logging.config.file=C:\Users\Hp\Downloads\apache-tomcat-9.0.120-windows-x64\apache-tomcat-9.0.120\conf\logging.properties
06-Aug-2026 09:18:59.997 INFO [main] org.apache.catalina.startup.VersionLoggerListener.log Command line argument: -Djava.util.logging.manager=org.apache.juli.ClassLoaderLogManager
06-Aug-2026 09:18:59.997 INFO [main] org.apache.catalina.startup.VersionLoggerListener.log Command line argument: -Djdk.tls.ephemeralDHKeySize=2048
06-Aug-2026 09:18:59.997 INFO [main] org.apache.catalina.startup.VersionLoggerListener.log Command line argument: -Djava.protocol.handler.pkgs=org.apache.catalina.webresources
06-Aug-2026 09:18:59.997 INFO [main] org.apache.catalina.startup.VersionLoggerListener.log Command line argument: -Dsun.io.useCanonCaches=false
06-Aug-2026 09:18:59.997 INFO [main] org.apache.catalina.startup.VersionLoggerListener.log Command line argument: -Dignore.endorsed.dirs=
06-Aug-2026 09:18:59.997 INFO [main] org.apache.catalina.startup.VersionLoggerListener.log Command line argument: -Dcatalina.base=C:\Users\Hp\Downloads\apache-tomcat-9.0.120-windows-x64\apache-tomcat-9.0.120
06-Aug-2026 09:18:59.997 INFO [main] org.apache.catalina.startup.VersionLoggerListener.log Command line argument: -Dcatalina.home=C:\Users\Hp\Downloads\apache-tomcat-9.0.120-windows-x64\apache-tomcat-9.0.120
06-Aug-2026 09:18:59.997 INFO [main] org.apache.catalina.startup.VersionLoggerListener.log Command line argument: -Djava.io.tmpdir=C:\Users\Hp\Downloads\apache-tomcat-9.0.120-windows-x64\apache-tomcat-9.0.120\temp
06-Aug-2026 09:19:00.002 INFO [main] org.apache.catalina.core.AprLifecycleListener.lifecycleEvent Loaded Apache Tomcat Native library [1.3.8] using APR version [1.7.6].
06-Aug-2026 09:19:00.004 INFO [main] org.apache.catalina.core.AprLifecycleListener.lifecycleEvent APR capabilities: IPv6 [true], sendfile [true], accept filters [false], random [true], UDS [true].
06-Aug-2026 09:19:00.004 INFO [main] org.apache.catalina.core.AprLifecycleListener.lifecycleEvent APR/OpenSSL configuration: useAprConnector [false], useOpenSSL [true]
06-Aug-2026 09:19:00.010 INFO [main] org.apache.catalina.core.AprLifecycleListener.initializeSSL OpenSSL successfully initialized [OpenSSL 3.0.21 9 Jun 2026]
06-Aug-2026 09:19:00.224 INFO [main] org.apache.coyote.AbstractProtocol.init Initializing ProtocolHandler ["http-nio-8080"]
06-Aug-2026 09:19:00.267 INFO [main] org.apache.catalina.startup.Catalina.load Server initialization in [426] milliseconds
06-Aug-2026 09:19:00.320 INFO [main] org.apache.catalina.core.StandardService.startInternal Starting service [Catalina]
06-Aug-2026 09:19:00.320 INFO [main] org.apache.catalina.core.StandardEngine.startInternal Starting Servlet engine: [Apache Tomcat/9.0.120]
06-Aug-2026 09:19:00.320 INFO [main] org.apache.catalina.startup.HostConfig.deployDirectory Deploying web application directory [C:\Users\Hp\Downloads\apache-tomcat-9.0.120-windows-x64\apache-tomcat-9.0.120\webapps\docs]
06-Aug-2026 09:19:00.636 INFO [main] org.apache.catalina.startup.HostConfig.deployDirectory Deployment of web application directory [C:\Users\Hp\Downloads\apache-tomcat-9.0.120-windows-x64\apache-tomcat-9.0.120\webapps\docs] has finished in [316] ms
06-Aug-2026 09:19:00.636 INFO [main] org.apache.catalina.startup.HostConfig.deployDirectory Deploying web application directory [C:\Users\Hp\Downloads\apache-tomcat-9.0.120-windows-x64\apache-tomcat-9.0.120\webapps\examples]
06-Aug-2026 09:19:01.047 INFO [main] org.apache.catalina.startup.HostConfig.deployDirectory Deployment of web application directory [C:\Users\Hp\Downloads\apache-tomcat-9.0.120-windows-x64\apache-tomcat-9.0.120\webapps\examples] has finished in [411] ms
06-Aug-2026 09:19:01.047 INFO [main] org.apache.catalina.startup.HostConfig.deployDirectory Deploying web application directory [C:\Users\Hp\Downloads\apache-tomcat-9.0.120-windows-x64\apache-tomcat-9.0.120\webapps\host-manager]
06-Aug-2026 09:19:01.079 INFO [main] org.apache.catalina.startup.HostConfig.deployDirectory Deployment of web application directory [C:\Users\Hp\Downloads\apache-tomcat-9.0.120-windows-x64\apache-tomcat-9.0.120\webapps\host-manager] has finished in [32] ms
06-Aug-2026 09:19:01.079 INFO [main] org.apache.catalina.startup.HostConfig.deployDirectory Deploying web application directory [C:\Users\Hp\Downloads\apache-tomcat-9.0.120-windows-x64\apache-tomcat-9.0.120\webapps\manager]
06-Aug-2026 09:19:01.118 INFO [main] org.apache.catalina.startup.HostConfig.deployDirectory Deployment of web application directory [C:\Users\Hp\Downloads\apache-tomcat-9.0.120-windows-x64\apache-tomcat-9.0.120\webapps\manager] has finished in [39] ms
06-Aug-2026 09:19:01.118 INFO [main] org.apache.catalina.startup.HostConfig.deployDirectory Deploying web application directory [C:\Users\Hp\Downloads\apache-tomcat-9.0.120-windows-x64\apache-tomcat-9.0.120\webapps\ROOT]
06-Aug-2026 09:19:01.146 INFO [main] org.apache.catalina.startup.HostConfig.deployDirectory Deployment of web application directory [C:\Users\Hp\Downloads\apache-tomcat-9.0.120-windows-x64\apache-tomcat-9.0.120\webapps\ROOT] has finished in [28] ms
06-Aug-2026 09:19:01.146 INFO [main] org.apache.coyote.AbstractProtocol.start Starting ProtocolHandler ["http-nio-8080"]
06-Aug-2026 09:19:01.189 INFO [main] org.apache.catalina.startup.Catalina.start Server startup in [922] milliseconds
06-Aug-2026 09:19:04.247 INFO [Thread-1] org.apache.coyote.AbstractProtocol.pause Pausing ProtocolHandler ["http-nio-8080"]
06-Aug-2026 09:19:04.295 INFO [Thread-1] org.apache.catalina.core.StandardService.stopInternal Stopping service [Catalina]
06-Aug-2026 09:19:04.329 INFO [Thread-1] org.apache.coyote.AbstractProtocol.stop Stopping ProtocolHandler ["http-nio-8080"]
06-Aug-2026 09:19:04.346 INFO [Thread-1] org.apache.coyote.AbstractProtocol.destroy Destroying ProtocolHandler ["http-nio-8080"]
06-Aug-2026 11:08:02.708 INFO [main] org.apache.catalina.startup.VersionLoggerListener.log Server version name:   Apache Tomcat/9.0.120
06-Aug-2026 11:08:02.716 INFO [main] org.apache.catalina.startup.VersionLoggerListener.log Server built:          Jul 3 2026 07:49:53 UTC
06-Aug-2026 11:08:02.716 INFO [main] org.apache.catalina.startup.VersionLoggerListener.log Server version number: 9.0.120.0
06-Aug-2026 11:08:02.716 INFO [main] org.apache.catalina.startup.VersionLoggerListener.log OS Name:               Windows 10
06-Aug-2026 11:08:02.716 INFO [main] org.apache.catalina.startup.VersionLoggerListener.log OS Version:            10.0
06-Aug-2026 11:08:02.716 INFO [main] org.apache.catalina.startup.VersionLoggerListener.log Architecture:          amd64
06-Aug-2026 11:08:02.716 INFO [main] org.apache.catalina.startup.VersionLoggerListener.log Java Home:             C:\Program Files\Java\jdk-17
06-Aug-2026 11:08:02.716 INFO [main] org.apache.catalina.startup.VersionLoggerListener.log JVM Version:           17+35-LTS-2724
06-Aug-2026 11:08:02.718 INFO [main] org.apache.catalina.startup.VersionLoggerListener.log JVM Vendor:            Oracle Corporation
06-Aug-2026 11:08:02.718 INFO [main] org.apache.catalina.startup.VersionLoggerListener.log CATALINA_BASE:         C:\Users\Hp\Downloads\apache-tomcat-9.0.120-windows-x64\apache-tomcat-9.0.120
06-Aug-2026 11:08:02.718 INFO [main] org.apache.catalina.startup.VersionLoggerListener.log CATALINA_HOME:         C:\Users\Hp\Downloads\apache-tomcat-9.0.120-windows-x64\apache-tomcat-9.0.120
06-Aug-2026 11:08:02.726 INFO [main] org.apache.catalina.startup.VersionLoggerListener.log Command line argument: --add-opens=java.base/java.lang=ALL-UNNAMED
06-Aug-2026 11:08:02.726 INFO [main] org.apache.catalina.startup.VersionLoggerListener.log Command line argument: --add-opens=java.base/java.lang.invoke=ALL-UNNAMED
06-Aug-2026 11:08:02.726 INFO [main] org.apache.catalina.startup.VersionLoggerListener.log Command line argument: --add-opens=java.base/java.lang.reflect=ALL-UNNAMED
06-Aug-2026 11:08:02.726 INFO [main] org.apache.catalina.startup.VersionLoggerListener.log Command line argument: --add-opens=java.base/java.io=ALL-UNNAMED
06-Aug-2026 11:08:02.726 INFO [main] org.apache.catalina.startup.VersionLoggerListener.log Command line argument: --add-opens=java.base/java.util=ALL-UNNAMED
06-Aug-2026 11:08:02.727 INFO [main] org.apache.catalina.startup.VersionLoggerListener.log Command line argument: --add-opens=java.base/java.util.concurrent=ALL-UNNAMED
06-Aug-2026 11:08:02.727 INFO [main] org.apache.catalina.startup.VersionLoggerListener.log Command line argument: --add-opens=java.rmi/sun.rmi.transport=ALL-UNNAMED
06-Aug-2026 11:08:02.727 INFO [main] org.apache.catalina.startup.VersionLoggerListener.log Command line argument: -Djava.util.logging.config.file=C:\Users\Hp\Downloads\apache-tomcat-9.0.120-windows-x64\apache-tomcat-9.0.120\conf\logging.properties
06-Aug-2026 11:08:02.727 INFO [main] org.apache.catalina.startup.VersionLoggerListener.log Command line argument: -Djava.util.logging.manager=org.apache.juli.ClassLoaderLogManager
06-Aug-2026 11:08:02.727 INFO [main] org.apache.catalina.startup.VersionLoggerListener.log Command line argument: -Djdk.tls.ephemeralDHKeySize=2048
06-Aug-2026 11:08:02.727 INFO [main] org.apache.catalina.startup.VersionLoggerListener.log Command line argument: -Djava.protocol.handler.pkgs=org.apache.catalina.webresources
06-Aug-2026 11:08:02.727 INFO [main] org.apache.catalina.startup.VersionLoggerListener.log Command line argument: -Dsun.io.useCanonCaches=false
06-Aug-2026 11:08:02.727 INFO [main] org.apache.catalina.startup.VersionLoggerListener.log Command line argument: -Dignore.endorsed.dirs=
06-Aug-2026 11:08:02.727 INFO [main] org.apache.catalina.startup.VersionLoggerListener.log Command line argument: -Dcatalina.base=C:\Users\Hp\Downloads\apache-tomcat-9.0.120-windows-x64\apache-tomcat-9.0.120
06-Aug-2026 11:08:02.727 INFO [main] org.apache.catalina.startup.VersionLoggerListener.log Command line argument: -Dcatalina.home=C:\Users\Hp\Downloads\apache-tomcat-9.0.120-windows-x64\apache-tomcat-9.0.120
06-Aug-2026 11:08:02.727 INFO [main] org.apache.catalina.startup.VersionLoggerListener.log Command line argument: -Djava.io.tmpdir=C:\Users\Hp\Downloads\apache-tomcat-9.0.120-windows-x64\apache-tomcat-9.0.120\temp
06-Aug-2026 11:08:02.733 INFO [main] org.apache.catalina.core.AprLifecycleListener.lifecycleEvent Loaded Apache Tomcat Native library [1.3.8] using APR version [1.7.6].
06-Aug-2026 11:08:02.733 INFO [main] org.apache.catalina.core.AprLifecycleListener.lifecycleEvent APR capabilities: IPv6 [true], sendfile [true], accept filters [false], random [true], UDS [true].
06-Aug-2026 11:08:02.735 INFO [main] org.apache.catalina.core.AprLifecycleListener.lifecycleEvent APR/OpenSSL configuration: useAprConnector [false], useOpenSSL [true]
06-Aug-2026 11:08:02.738 INFO [main] org.apache.catalina.core.AprLifecycleListener.initializeSSL OpenSSL successfully initialized [OpenSSL 3.0.21 9 Jun 2026]
06-Aug-2026 11:08:03.090 INFO [main] org.apache.coyote.AbstractProtocol.init Initializing ProtocolHandler ["http-nio-8081"]
06-Aug-2026 11:08:03.127 INFO [main] org.apache.catalina.startup.Catalina.load Server initialization in [578] milliseconds
06-Aug-2026 11:08:03.201 INFO [main] org.apache.catalina.core.StandardService.startInternal Starting service [Catalina]
06-Aug-2026 11:08:03.201 INFO [main] org.apache.catalina.core.StandardEngine.startInternal Starting Servlet engine: [Apache Tomcat/9.0.120]
06-Aug-2026 11:08:03.217 INFO [main] org.apache.catalina.startup.HostConfig.deployDirectory Deploying web application directory [C:\Users\Hp\Downloads\apache-tomcat-9.0.120-windows-x64\apache-tomcat-9.0.120\webapps\docs]
06-Aug-2026 11:08:03.613 INFO [main] org.apache.catalina.startup.HostConfig.deployDirectory Deployment of web application directory [C:\Users\Hp\Downloads\apache-tomcat-9.0.120-windows-x64\apache-tomcat-9.0.120\webapps\docs] has finished in [396] ms
06-Aug-2026 11:08:03.613 INFO [main] org.apache.catalina.startup.HostConfig.deployDirectory Deploying web application directory [C:\Users\Hp\Downloads\apache-tomcat-9.0.120-windows-x64\apache-tomcat-9.0.120\webapps\examples]
06-Aug-2026 11:08:04.159 INFO [main] org.apache.catalina.startup.HostConfig.deployDirectory Deployment of web application directory [C:\Users\Hp\Downloads\apache-tomcat-9.0.120-windows-x64\apache-tomcat-9.0.120\webapps\examples] has finished in [546] ms
06-Aug-2026 11:08:04.159 INFO [main] org.apache.catalina.startup.HostConfig.deployDirectory Deploying web application directory [C:\Users\Hp\Downloads\apache-tomcat-9.0.120-windows-x64\apache-tomcat-9.0.120\webapps\host-manager]
06-Aug-2026 11:08:04.204 INFO [main] org.apache.catalina.startup.HostConfig.deployDirectory Deployment of web application directory [C:\Users\Hp\Downloads\apache-tomcat-9.0.120-windows-x64\apache-tomcat-9.0.120\webapps\host-manager] has finished in [45] ms
06-Aug-2026 11:08:04.204 INFO [main] org.apache.catalina.startup.HostConfig.deployDirectory Deploying web application directory [C:\Users\Hp\Downloads\apache-tomcat-9.0.120-windows-x64\apache-tomcat-9.0.120\webapps\manager]
06-Aug-2026 11:08:04.258 INFO [main] org.apache.catalina.startup.HostConfig.deployDirectory Deployment of web application directory [C:\Users\Hp\Downloads\apache-tomcat-9.0.120-windows-x64\apache-tomcat-9.0.120\webapps\manager] has finished in [54] ms
06-Aug-2026 11:08:04.260 INFO [main] org.apache.catalina.startup.HostConfig.deployDirectory Deploying web application directory [C:\Users\Hp\Downloads\apache-tomcat-9.0.120-windows-x64\apache-tomcat-9.0.120\webapps\ROOT]
06-Aug-2026 11:08:04.295 INFO [main] org.apache.catalina.startup.HostConfig.deployDirectory Deployment of web application directory [C:\Users\Hp\Downloads\apache-tomcat-9.0.120-windows-x64\apache-tomcat-9.0.120\webapps\ROOT] has finished in [35] ms
06-Aug-2026 11:08:04.303 INFO [main] org.apache.coyote.AbstractProtocol.start Starting ProtocolHandler ["http-nio-8081"]
06-Aug-2026 11:08:04.367 INFO [main] org.apache.catalina.startup.Catalina.start Server startup in [1240] milliseconds
06-Aug-2026 11:08:30.689 INFO [Thread-1] org.apache.coyote.AbstractProtocol.pause Pausing ProtocolHandler ["http-nio-8081"]
06-Aug-2026 11:08:30.708 INFO [Thread-1] org.apache.catalina.core.StandardService.stopInternal Stopping service [Catalina]
06-Aug-2026 11:08:30.738 INFO [Thread-1] org.apache.coyote.AbstractProtocol.stop Stopping ProtocolHandler ["http-nio-8081"]
06-Aug-2026 11:08:30.743 INFO [Thread-1] org.apache.coyote.AbstractProtocol.destroy Destroying ProtocolHandler ["http-nio-8081"]
