03-Sep-2026 12:58:56.772 INFO [main] org.apache.catalina.startup.VersionLoggerListener.log Server version name:   Apache Tomcat/9.0.120
03-Sep-2026 12:58:56.777 INFO [main] org.apache.catalina.startup.VersionLoggerListener.log Server built:          Jul 3 2026 07:49:53 UTC
03-Sep-2026 12:58:56.778 INFO [main] org.apache.catalina.startup.VersionLoggerListener.log Server version number: 9.0.120.0
03-Sep-2026 12:58:56.778 INFO [main] org.apache.catalina.startup.VersionLoggerListener.log OS Name:               Windows 11
03-Sep-2026 12:58:56.778 INFO [main] org.apache.catalina.startup.VersionLoggerListener.log OS Version:            10.0
03-Sep-2026 12:58:56.778 INFO [main] org.apache.catalina.startup.VersionLoggerListener.log Architecture:          amd64
03-Sep-2026 12:58:56.779 INFO [main] org.apache.catalina.startup.VersionLoggerListener.log Java Home:             C:\Program Files\Java\jdk-21.0.12
03-Sep-2026 12:58:56.779 INFO [main] org.apache.catalina.startup.VersionLoggerListener.log JVM Version:           21.0.12+7-LTS-205
03-Sep-2026 12:58:56.779 INFO [main] org.apache.catalina.startup.VersionLoggerListener.log JVM Vendor:            Oracle Corporation
03-Sep-2026 12:58:56.779 INFO [main] org.apache.catalina.startup.VersionLoggerListener.log CATALINA_BASE:         D:\rays software\apache-tomcat-9.0.120
03-Sep-2026 12:58:56.780 INFO [main] org.apache.catalina.startup.VersionLoggerListener.log CATALINA_HOME:         D:\rays software\apache-tomcat-9.0.120
03-Sep-2026 12:58:56.794 INFO [main] org.apache.catalina.startup.VersionLoggerListener.log Command line argument: --add-opens=java.base/java.lang=ALL-UNNAMED
03-Sep-2026 12:58:56.795 INFO [main] org.apache.catalina.startup.VersionLoggerListener.log Command line argument: --add-opens=java.base/java.lang.invoke=ALL-UNNAMED
03-Sep-2026 12:58:56.795 INFO [main] org.apache.catalina.startup.VersionLoggerListener.log Command line argument: --add-opens=java.base/java.lang.reflect=ALL-UNNAMED
03-Sep-2026 12:58:56.795 INFO [main] org.apache.catalina.startup.VersionLoggerListener.log Command line argument: --add-opens=java.base/java.io=ALL-UNNAMED
03-Sep-2026 12:58:56.795 INFO [main] org.apache.catalina.startup.VersionLoggerListener.log Command line argument: --add-opens=java.base/java.util=ALL-UNNAMED
03-Sep-2026 12:58:56.795 INFO [main] org.apache.catalina.startup.VersionLoggerListener.log Command line argument: --add-opens=java.base/java.util.concurrent=ALL-UNNAMED
03-Sep-2026 12:58:56.795 INFO [main] org.apache.catalina.startup.VersionLoggerListener.log Command line argument: --add-opens=java.rmi/sun.rmi.transport=ALL-UNNAMED
03-Sep-2026 12:58:56.795 INFO [main] org.apache.catalina.startup.VersionLoggerListener.log Command line argument: -Djava.util.logging.config.file=D:\rays software\apache-tomcat-9.0.120\conf\logging.properties
03-Sep-2026 12:58:56.795 INFO [main] org.apache.catalina.startup.VersionLoggerListener.log Command line argument: -Djava.util.logging.manager=org.apache.juli.ClassLoaderLogManager
03-Sep-2026 12:58:56.796 INFO [main] org.apache.catalina.startup.VersionLoggerListener.log Command line argument: -Djdk.tls.ephemeralDHKeySize=2048
03-Sep-2026 12:58:56.796 INFO [main] org.apache.catalina.startup.VersionLoggerListener.log Command line argument: -Djava.protocol.handler.pkgs=org.apache.catalina.webresources
03-Sep-2026 12:58:56.796 INFO [main] org.apache.catalina.startup.VersionLoggerListener.log Command line argument: -Dsun.io.useCanonCaches=false
03-Sep-2026 12:58:56.796 INFO [main] org.apache.catalina.startup.VersionLoggerListener.log Command line argument: -Dignore.endorsed.dirs=
03-Sep-2026 12:58:56.796 INFO [main] org.apache.catalina.startup.VersionLoggerListener.log Command line argument: -Dcatalina.base=D:\rays software\apache-tomcat-9.0.120
03-Sep-2026 12:58:56.796 INFO [main] org.apache.catalina.startup.VersionLoggerListener.log Command line argument: -Dcatalina.home=D:\rays software\apache-tomcat-9.0.120
03-Sep-2026 12:58:56.796 INFO [main] org.apache.catalina.startup.VersionLoggerListener.log Command line argument: -Djava.io.tmpdir=D:\rays software\apache-tomcat-9.0.120\temp
03-Sep-2026 12:58:57.443 INFO [main] org.apache.catalina.core.AprLifecycleListener.lifecycleEvent Loaded Apache Tomcat Native library [1.3.8] using APR version [1.7.6].
03-Sep-2026 12:58:57.444 INFO [main] org.apache.catalina.core.AprLifecycleListener.lifecycleEvent APR capabilities: IPv6 [true], sendfile [true], accept filters [false], random [true], UDS [true].
03-Sep-2026 12:58:57.445 INFO [main] org.apache.catalina.core.AprLifecycleListener.lifecycleEvent APR/OpenSSL configuration: useAprConnector [false], useOpenSSL [true]
03-Sep-2026 12:58:57.457 INFO [main] org.apache.catalina.core.AprLifecycleListener.initializeSSL OpenSSL successfully initialized [OpenSSL 3.0.21 9 Jun 2026]
03-Sep-2026 12:58:57.787 INFO [main] org.apache.coyote.AbstractProtocol.init Initializing ProtocolHandler ["http-nio-8081"]
03-Sep-2026 12:58:57.817 INFO [main] org.apache.catalina.startup.Catalina.load Server initialization in [1253] milliseconds
03-Sep-2026 12:58:57.868 INFO [main] org.apache.catalina.core.StandardService.startInternal Starting service [Catalina]
03-Sep-2026 12:58:57.868 INFO [main] org.apache.catalina.core.StandardEngine.startInternal Starting Servlet engine: [Apache Tomcat/9.0.120]
03-Sep-2026 12:58:57.877 INFO [main] org.apache.catalina.startup.HostConfig.deployDirectory Deploying web application directory [D:\rays software\apache-tomcat-9.0.120\webapps\docs]
03-Sep-2026 12:58:58.164 INFO [main] org.apache.catalina.startup.HostConfig.deployDirectory Deployment of web application directory [D:\rays software\apache-tomcat-9.0.120\webapps\docs] has finished in [286] ms
03-Sep-2026 12:58:58.165 INFO [main] org.apache.catalina.startup.HostConfig.deployDirectory Deploying web application directory [D:\rays software\apache-tomcat-9.0.120\webapps\examples]
03-Sep-2026 12:58:58.969 INFO [main] org.apache.catalina.startup.HostConfig.deployDirectory Deployment of web application directory [D:\rays software\apache-tomcat-9.0.120\webapps\examples] has finished in [804] ms
03-Sep-2026 12:58:58.970 INFO [main] org.apache.catalina.startup.HostConfig.deployDirectory Deploying web application directory [D:\rays software\apache-tomcat-9.0.120\webapps\host-manager]
03-Sep-2026 12:58:58.996 INFO [main] org.apache.catalina.startup.HostConfig.deployDirectory Deployment of web application directory [D:\rays software\apache-tomcat-9.0.120\webapps\host-manager] has finished in [26] ms
03-Sep-2026 12:58:58.996 INFO [main] org.apache.catalina.startup.HostConfig.deployDirectory Deploying web application directory [D:\rays software\apache-tomcat-9.0.120\webapps\manager]
03-Sep-2026 12:58:59.030 INFO [main] org.apache.catalina.startup.HostConfig.deployDirectory Deployment of web application directory [D:\rays software\apache-tomcat-9.0.120\webapps\manager] has finished in [33] ms
03-Sep-2026 12:58:59.031 INFO [main] org.apache.catalina.startup.HostConfig.deployDirectory Deploying web application directory [D:\rays software\apache-tomcat-9.0.120\webapps\ROOT]
03-Sep-2026 12:58:59.051 INFO [main] org.apache.catalina.startup.HostConfig.deployDirectory Deployment of web application directory [D:\rays software\apache-tomcat-9.0.120\webapps\ROOT] has finished in [19] ms
03-Sep-2026 12:58:59.053 INFO [main] org.apache.coyote.AbstractProtocol.start Starting ProtocolHandler ["http-nio-8081"]
03-Sep-2026 12:58:59.077 INFO [main] org.apache.catalina.startup.Catalina.start Server startup in [1259] milliseconds
03-Sep-2026 12:59:44.006 INFO [main] org.apache.catalina.core.StandardServer.await A valid shutdown command was received via the shutdown port. Stopping the Server instance.
03-Sep-2026 12:59:44.007 INFO [main] org.apache.coyote.AbstractProtocol.pause Pausing ProtocolHandler ["http-nio-8081"]
03-Sep-2026 12:59:44.015 INFO [main] org.apache.catalina.core.StandardService.stopInternal Stopping service [Catalina]
03-Sep-2026 12:59:44.064 INFO [main] org.apache.coyote.AbstractProtocol.stop Stopping ProtocolHandler ["http-nio-8081"]
03-Sep-2026 12:59:44.077 INFO [main] org.apache.coyote.AbstractProtocol.destroy Destroying ProtocolHandler ["http-nio-8081"]
